Payment_Statement[0] = Employee was paid $312.00
Payment_Statement[1] = Employee was paid $520.00
Payment_Statement[2] = Employee was paid $598.00
